// Jest Snapshot v1, https://goo.gl/fbAQLP

exports[`quick range helpers getRangesForYear returns correct ranges for Australia 1`] = `
[
  [
    "Year 2022",
    "2022-01-01",
    "2022-12-31",
  ],
  [
    "DST Period Oct, 2021 - Apr, 2022",
    "2021-10-02",
    "2022-04-02",
  ],
  [
    "DST Period Oct, 2022 - Apr, 2023",
    "2022-10-01",
    "2023-04-01",
  ],
  [
    "Non-DST Period Apr, 2022 - Oct, 2022",
    "2022-04-02",
    "2022-10-01",
  ],
]
`;

exports[`quick range helpers getRangesForYear returns correct ranges for USA 1`] = `
[
  [
    "Year 2022",
    "2022-01-01",
    "2022-12-31",
  ],
  [
    "DST Period 2022",
    "2022-03-12",
    "2022-11-05",
  ],
  [
    "Non-DST Period Jan, 2022 - Mar, 2022",
    "2022-01-01",
    "2022-03-12",
  ],
  [
    "Non-DST Period Nov, 2022 - Dec, 2022",
    "2022-11-05",
    "2022-12-31",
  ],
]
`;
